../Drivers/STM32F4xx_HAL_Driver/Src/stm32f4xx_hal.c:171:19:HAL_Init	8	static
../Drivers/STM32F4xx_HAL_Driver/Src/stm32f4xx_hal.c:204:19:HAL_DeInit	8	static
../Drivers/STM32F4xx_HAL_Driver/Src/stm32f4xx_hal.c:233:13:HAL_MspInit	4	static
../Drivers/STM32F4xx_HAL_Driver/Src/stm32f4xx_hal.c:244:13:HAL_MspDeInit	4	static
../Drivers/STM32F4xx_HAL_Driver/Src/stm32f4xx_hal.c:326:13:HAL_IncTick	4	static
../Drivers/STM32F4xx_HAL_Driver/Src/stm32f4xx_hal.c:337:17:HAL_GetTick	4	static
../Drivers/STM32F4xx_HAL_Driver/Src/stm32f4xx_hal.c:346:10:HAL_GetTickPrio	4	static
../Drivers/STM32F4xx_HAL_Driver/Src/stm32f4xx_hal.c:355:19:HAL_SetTickFreq	24	static
../Drivers/STM32F4xx_HAL_Driver/Src/stm32f4xx_hal.c:387:21:HAL_GetTickFreq	4	static
../Drivers/STM32F4xx_HAL_Driver/Src/stm32f4xx_hal.c:403:13:HAL_Delay	24	static
../Drivers/STM32F4xx_HAL_Driver/Src/stm32f4xx_hal.c:429:13:HAL_SuspendTick	4	static
../Drivers/STM32F4xx_HAL_Driver/Src/stm32f4xx_hal.c:445:13:HAL_ResumeTick	4	static
../Drivers/STM32F4xx_HAL_Driver/Src/stm32f4xx_hal.c:455:10:HAL_GetHalVersion	4	static
../Drivers/STM32F4xx_HAL_Driver/Src/stm32f4xx_hal.c:464:10:HAL_GetREVID	4	static
../Drivers/STM32F4xx_HAL_Driver/Src/stm32f4xx_hal.c:473:10:HAL_GetDEVID	4	static
../Drivers/STM32F4xx_HAL_Driver/Src/stm32f4xx_hal.c:482:6:HAL_DBGMCU_EnableDBGSleepMode	4	static
../Drivers/STM32F4xx_HAL_Driver/Src/stm32f4xx_hal.c:491:6:HAL_DBGMCU_DisableDBGSleepMode	4	static
../Drivers/STM32F4xx_HAL_Driver/Src/stm32f4xx_hal.c:500:6:HAL_DBGMCU_EnableDBGStopMode	4	static
../Drivers/STM32F4xx_HAL_Driver/Src/stm32f4xx_hal.c:509:6:HAL_DBGMCU_DisableDBGStopMode	4	static
../Drivers/STM32F4xx_HAL_Driver/Src/stm32f4xx_hal.c:518:6:HAL_DBGMCU_EnableDBGStandbyMode	4	static
../Drivers/STM32F4xx_HAL_Driver/Src/stm32f4xx_hal.c:527:6:HAL_DBGMCU_DisableDBGStandbyMode	4	static
../Drivers/STM32F4xx_HAL_Driver/Src/stm32f4xx_hal.c:538:6:HAL_EnableCompensationCell	4	static
../Drivers/STM32F4xx_HAL_Driver/Src/stm32f4xx_hal.c:549:6:HAL_DisableCompensationCell	4	static
../Drivers/STM32F4xx_HAL_Driver/Src/stm32f4xx_hal.c:558:10:HAL_GetUIDw0	4	static
../Drivers/STM32F4xx_HAL_Driver/Src/stm32f4xx_hal.c:567:10:HAL_GetUIDw1	4	static
../Drivers/STM32F4xx_HAL_Driver/Src/stm32f4xx_hal.c:576:10:HAL_GetUIDw2	4	static
