Archive member included to satisfy reference by file (symbol)

C:/ST/STM32CubeIDE_1.12.0/STM32CubeIDE/plugins/com.st.stm32cube.ide.mcu.externaltools.gnu-tools-for-stm32.11.3.rel1.win32_1.1.1.202309131626/tools/bin/../lib/gcc/arm-none-eabi/11.3.1/../../../../arm-none-eabi/lib/thumb/v7e-m+fp/hard\libc_nano.a(libc_a-exit.o)
                              C:/ST/STM32CubeIDE_1.12.0/STM32CubeIDE/plugins/com.st.stm32cube.ide.mcu.externaltools.gnu-tools-for-stm32.11.3.rel1.win32_1.1.1.202309131626/tools/bin/../lib/gcc/arm-none-eabi/11.3.1/../../../../arm-none-eabi/lib/thumb/v7e-m+fp/hard/crt0.o (exit)
C:/ST/STM32CubeIDE_1.12.0/STM32CubeIDE/plugins/com.st.stm32cube.ide.mcu.externaltools.gnu-tools-for-stm32.11.3.rel1.win32_1.1.1.202309131626/tools/bin/../lib/gcc/arm-none-eabi/11.3.1/../../../../arm-none-eabi/lib/thumb/v7e-m+fp/hard\libc_nano.a(libc_a-findfp.o)
                              C:/ST/STM32CubeIDE_1.12.0/STM32CubeIDE/plugins/com.st.stm32cube.ide.mcu.externaltools.gnu-tools-for-stm32.11.3.rel1.win32_1.1.1.202309131626/tools/bin/../lib/gcc/arm-none-eabi/11.3.1/../../../../arm-none-eabi/lib/thumb/v7e-m+fp/hard\libc_nano.a(libc_a-exit.o) (__stdio_exit_handler)
C:/ST/STM32CubeIDE_1.12.0/STM32CubeIDE/plugins/com.st.stm32cube.ide.mcu.externaltools.gnu-tools-for-stm32.11.3.rel1.win32_1.1.1.202309131626/tools/bin/../lib/gcc/arm-none-eabi/11.3.1/../../../../arm-none-eabi/lib/thumb/v7e-m+fp/hard\libc_nano.a(libc_a-fwalk.o)
                              C:/ST/STM32CubeIDE_1.12.0/STM32CubeIDE/plugins/com.st.stm32cube.ide.mcu.externaltools.gnu-tools-for-stm32.11.3.rel1.win32_1.1.1.202309131626/tools/bin/../lib/gcc/arm-none-eabi/11.3.1/../../../../arm-none-eabi/lib/thumb/v7e-m+fp/hard\libc_nano.a(libc_a-findfp.o) (_fwalk_sglue)
C:/ST/STM32CubeIDE_1.12.0/STM32CubeIDE/plugins/com.st.stm32cube.ide.mcu.externaltools.gnu-tools-for-stm32.11.3.rel1.win32_1.1.1.202309131626/tools/bin/../lib/gcc/arm-none-eabi/11.3.1/../../../../arm-none-eabi/lib/thumb/v7e-m+fp/hard\libc_nano.a(libc_a-stdio.o)
                              C:/ST/STM32CubeIDE_1.12.0/STM32CubeIDE/plugins/com.st.stm32cube.ide.mcu.externaltools.gnu-tools-for-stm32.11.3.rel1.win32_1.1.1.202309131626/tools/bin/../lib/gcc/arm-none-eabi/11.3.1/../../../../arm-none-eabi/lib/thumb/v7e-m+fp/hard\libc_nano.a(libc_a-findfp.o) (__sread)
C:/ST/STM32CubeIDE_1.12.0/STM32CubeIDE/plugins/com.st.stm32cube.ide.mcu.externaltools.gnu-tools-for-stm32.11.3.rel1.win32_1.1.1.202309131626/tools/bin/../lib/gcc/arm-none-eabi/11.3.1/../../../../arm-none-eabi/lib/thumb/v7e-m+fp/hard\libc_nano.a(libc_a-memset.o)
                              C:/ST/STM32CubeIDE_1.12.0/STM32CubeIDE/plugins/com.st.stm32cube.ide.mcu.externaltools.gnu-tools-for-stm32.11.3.rel1.win32_1.1.1.202309131626/tools/bin/../lib/gcc/arm-none-eabi/11.3.1/../../../../arm-none-eabi/lib/thumb/v7e-m+fp/hard/crt0.o (memset)
C:/ST/STM32CubeIDE_1.12.0/STM32CubeIDE/plugins/com.st.stm32cube.ide.mcu.externaltools.gnu-tools-for-stm32.11.3.rel1.win32_1.1.1.202309131626/tools/bin/../lib/gcc/arm-none-eabi/11.3.1/../../../../arm-none-eabi/lib/thumb/v7e-m+fp/hard\libc_nano.a(libc_a-closer.o)
                              C:/ST/STM32CubeIDE_1.12.0/STM32CubeIDE/plugins/com.st.stm32cube.ide.mcu.externaltools.gnu-tools-for-stm32.11.3.rel1.win32_1.1.1.202309131626/tools/bin/../lib/gcc/arm-none-eabi/11.3.1/../../../../arm-none-eabi/lib/thumb/v7e-m+fp/hard\libc_nano.a(libc_a-stdio.o) (_close_r)
C:/ST/STM32CubeIDE_1.12.0/STM32CubeIDE/plugins/com.st.stm32cube.ide.mcu.externaltools.gnu-tools-for-stm32.11.3.rel1.win32_1.1.1.202309131626/tools/bin/../lib/gcc/arm-none-eabi/11.3.1/../../../../arm-none-eabi/lib/thumb/v7e-m+fp/hard\libc_nano.a(libc_a-reent.o)
                              C:/ST/STM32CubeIDE_1.12.0/STM32CubeIDE/plugins/com.st.stm32cube.ide.mcu.externaltools.gnu-tools-for-stm32.11.3.rel1.win32_1.1.1.202309131626/tools/bin/../lib/gcc/arm-none-eabi/11.3.1/../../../../arm-none-eabi/lib/thumb/v7e-m+fp/hard\libc_nano.a(libc_a-closer.o) (errno)
C:/ST/STM32CubeIDE_1.12.0/STM32CubeIDE/plugins/com.st.stm32cube.ide.mcu.externaltools.gnu-tools-for-stm32.11.3.rel1.win32_1.1.1.202309131626/tools/bin/../lib/gcc/arm-none-eabi/11.3.1/../../../../arm-none-eabi/lib/thumb/v7e-m+fp/hard\libc_nano.a(libc_a-impure.o)
                              C:/ST/STM32CubeIDE_1.12.0/STM32CubeIDE/plugins/com.st.stm32cube.ide.mcu.externaltools.gnu-tools-for-stm32.11.3.rel1.win32_1.1.1.202309131626/tools/bin/../lib/gcc/arm-none-eabi/11.3.1/../../../../arm-none-eabi/lib/thumb/v7e-m+fp/hard\libc_nano.a(libc_a-reent.o) (_impure_ptr)
C:/ST/STM32CubeIDE_1.12.0/STM32CubeIDE/plugins/com.st.stm32cube.ide.mcu.externaltools.gnu-tools-for-stm32.11.3.rel1.win32_1.1.1.202309131626/tools/bin/../lib/gcc/arm-none-eabi/11.3.1/../../../../arm-none-eabi/lib/thumb/v7e-m+fp/hard\libc_nano.a(libc_a-lseekr.o)
[...]
Memory Configuration

Name             Origin             Length             Attributes
CCMRAM           0x0000000010000000 0x0000000000010000 xrw
RAM              0x0000000020000000 0x0000000000020000 xrw
FLASH            0x0000000008000000 0x0000000000100000 xr
*default*        0x0000000000000000 0xffffffffffffffff

Linker script and memory map

LOAD C:/ST/STM32CubeIDE_1.12.0/STM32CubeIDE/plugins/com.st.stm32cube.ide.mcu.externaltools.gnu-tools-for-stm32.11.3.rel1.win32_1.1.1.202309131626/tools/bin/../lib/gcc/arm-none-eabi/11.3.1/thumb/v7e-m+fp/hard/crti.o
LOAD C:/ST/STM32CubeIDE_1.12.0/STM32CubeIDE/plugins/com.st.stm32cube.ide.mcu.externaltools.gnu-tools-for-stm32.11.3.rel1.win32_1.1.1.202309131626/tools/bin/../lib/gcc/arm-none-eabi/11.3.1/thumb/v7e-m+fp/hard/crtbegin.o
LOAD C:/ST/STM32CubeIDE_1.12.0/STM32CubeIDE/plugins/com.st.stm32cube.ide.mcu.externaltools.gnu-tools-for-stm32.11.3.rel1.win32_1.1.1.202309131626/tools/bin/../lib/gcc/arm-none-eabi/11.3.1/../../../../arm-none-eabi/lib/thumb/v7e-m+fp/hard/crt0.o
LOAD ./Core/Src/gpio.o
LOAD ./Core/Src/main.o
LOAD ./Core/Src/stm32f4xx_hal_msp.o
LOAD ./Core/Src/stm32f4xx_hal_timebase_tim.o
LOAD ./Core/Src/stm32f4xx_it.o
LOAD ./Core/Src/syscalls.o
LOAD ./Core/Src/system_stm32f4xx.o
LOAD ./Core/Src/usart.o
LOAD ./Core/Startup/startup_stm32f407vgtx.o
LOAD ./Drivers/STM32F4xx_HAL_Driver/Src/stm32f4xx_hal.o
LOAD ./Drivers/STM32F4xx_HAL_Driver/Src/stm32f4xx_hal_cortex.o
LOAD ./Drivers/STM32F4xx_HAL_Driver/Src/stm32f4xx_hal_dma.o
LOAD ./Drivers/STM32F4xx_HAL_Driver/Src/stm32f4xx_hal_dma_ex.o
LOAD ./Drivers/STM32F4xx_HAL_Driver/Src/stm32f4xx_hal_exti.o
LOAD ./Drivers/STM32F4xx_HAL_Driver/Src/stm32f4xx_hal_flash.o
LOAD ./Drivers/STM32F4xx_HAL_Driver/Src/stm32f4xx_hal_flash_ex.o
LOAD ./Drivers/STM32F4xx_HAL_Driver/Src/stm32f4xx_hal_flash_ramfunc.o
LOAD ./Drivers/STM32F4xx_HAL_Driver/Src/stm32f4xx_hal_gpio.o
LOAD ./Drivers/STM32F4xx_HAL_Driver/Src/stm32f4xx_hal_pwr.o
LOAD ./Drivers/STM32F4xx_HAL_Driver/Src/stm32f4xx_hal_pwr_ex.o
LOAD ./Drivers/STM32F4xx_HAL_Driver/Src/stm32f4xx_hal_rcc.o
LOAD ./Drivers/STM32F4xx_HAL_Driver/Src/stm32f4xx_hal_rcc_ex.o
LOAD ./Drivers/STM32F4xx_HAL_Driver/Src/stm32f4xx_hal_tim.o
LOAD ./Drivers/STM32F4xx_HAL_Driver/Src/stm32f4xx_hal_tim_ex.o
LOAD ./Drivers/STM32F4xx_HAL_Driver/Src/stm32f4xx_hal_uart.o
LOAD ./ThirdParty/FreeRTOS/croutine.o
LOAD ./ThirdParty/FreeRTOS/event_groups.o
LOAD ./ThirdParty/FreeRTOS/list.o
LOAD ./ThirdParty/FreeRTOS/queue.o
LOAD ./ThirdParty/FreeRTOS/stream_buffer.o
LOAD ./ThirdParty/FreeRTOS/tasks.o
LOAD ./ThirdParty/FreeRTOS/timers.o
LOAD ./ThirdParty/FreeRTOS/portable/GCC/ARM_CM4F/port.o
LOAD ./ThirdParty/FreeRTOS/portable/MemMang/heap_4.o
START GROUP
LOAD C:/ST/STM32CubeIDE_1.12.0/STM32CubeIDE/plugins/com.st.stm32cube.ide.mcu.externaltools.gnu-tools-for-stm32.11.3.rel1.win32_1.1.1.202309131626/tools/bin/../lib/gcc/arm-none-eabi/11.3.1/../../../../arm-none-eabi/lib/thumb/v7e-m+fp/hard\libc_nano.a
LOAD C:/ST/STM32CubeIDE_1.12.0/STM32CubeIDE/plugins/com.st.stm32cube.ide.mcu.externaltools.gnu-tools-for-stm32.11.3.rel1.win32_1.1.1.202309131626/tools/bin/../lib/gcc/arm-none-eabi/11.3.1/../../../../arm-none-eabi/lib/thumb/v7e-m+fp/hard\libm.a
END GROUP
START GROUP
LOAD C:/ST/STM32CubeIDE_1.12.0/STM32CubeIDE/plugins/com.st.stm32cube.ide.mcu.externaltools.gnu-tools-for-stm32.11.3.rel1.win32_1.1.1.202309131626/tools/bin/../lib/gcc/arm-none-eabi/11.3.1/thumb/v7e-m+fp/hard\libgcc.a
LOAD C:/ST/STM32CubeIDE_1.12.0/STM32CubeIDE/plugins/com.st.stm32cube.ide.mcu.externaltools.gnu-tools-for-stm32.11.3.rel1.win32_1.1.1.202309131626/tools/bin/../lib/gcc/arm-none-eabi/11.3.1/../../../../arm-none-eabi/lib/thumb/v7e-m+fp/hard\libc_nano.a
END GROUP
START GROUP
LOAD C:/ST/STM32CubeIDE_1.12.0/STM32CubeIDE/plugins/com.st.stm32cube.ide.mcu.externaltools.gnu-tools-for-stm32.11.3.rel1.win32_1.1.1.202309131626/tools/bin/../lib/gcc/arm-none-eabi/11.3.1/thumb/v7e-m+fp/hard\libgcc.a
LOAD C:/ST/STM32CubeIDE_1.12.0/STM32CubeIDE/plugins/com.st.stm32cube.ide.mcu.externaltools.gnu-tools-for-stm32.11.3.rel1.win32_1.1.1.202309131626/tools/bin/../lib/gcc/arm-none-eabi/11.3.1/../../../../arm-none-eabi/lib/thumb/v7e-m+fp/hard\libc_nano.a
LOAD C:/ST/STM32CubeIDE_1.12.0/STM32CubeIDE/plugins/com.st.stm32cube.ide.mcu.externaltools.gnu-tools-for-stm32.11.3.rel1.win32_1.1.1.202309131626/tools/bin/../lib/gcc/arm-none-eabi/11.3.1/../../../../arm-none-eabi/lib/thumb/v7e-m+fp/hard\libnosys.a
END GROUP
START GROUP
LOAD C:/ST/STM32CubeIDE_1.12.0/STM32CubeIDE/plugins/com.st.stm32cube.ide.mcu.externaltools.gnu-tools-for-stm32.11.3.rel1.win32_1.1.1.202309131626/tools/bin/../lib/gcc/arm-none-eabi/11.3.1/thumb/v7e-m+fp/hard\libgcc.a
LOAD C:/ST/STM32CubeIDE_1.12.0/STM32CubeIDE/plugins/com.st.stm32cube.ide.mcu.externaltools.gnu-tools-for-stm32.11.3.rel1.win32_1.1.1.202309131626/tools/bin/../lib/gcc/arm-none-eabi/11.3.1/../../../../arm-none-eabi/lib/thumb/v7e-m+fp/hard\libc_nano.a
LOAD C:/ST/STM32CubeIDE_1.12.0/STM32CubeIDE/plugins/com.st.stm32cube.ide.mcu.externaltools.gnu-tools-for-stm32.11.3.rel1.win32_1.1.1.202309131626/tools/bin/../lib/gcc/arm-none-eabi/11.3.1/../../../../arm-none-eabi/lib/thumb/v7e-m+fp/hard\libnosys.a
END GROUP
LOAD C:/ST/STM32CubeIDE_1.12.0/STM32CubeIDE/plugins/com.st.stm32cube.ide.mcu.externaltools.gnu-tools-for-stm32.11.3.rel1.win32_1.1.1.202309131626/tools/bin/../lib/gcc/arm-none-eabi/11.3.1/thumb/v7e-m+fp/hard/crtend.o
LOAD C:/ST/STM32CubeIDE_1.12.0/STM32CubeIDE/plugins/com.st.stm32cube.ide.mcu.externaltools.gnu-tools-for-stm32.11.3.rel1.win32_1.1.1.202309131626/tools/bin/../lib/gcc/arm-none-eabi/11.3.1/thumb/v7e-m+fp/hard/crtn.o
                0x0000000020020000                _estack = (ORIGIN (RAM) + LENGTH (RAM))
                0x0000000000000200                _Min_Heap_Size = 0x200
                0x0000000000000400                _Min_Stack_Size = 0x400

.isr_vector     0x0000000008000000      0x188
                0x0000000008000000                . = ALIGN (0x4)
 *(.isr_vector)
 .isr_vector    0x0000000008000000      0x188 ./Core/Startup/startup_stm32f407vgtx.o
                0x0000000008000000                g_pfnVectors
                0x0000000008000188                . = ALIGN (0x4)

.text           0x0000000008000190     0x288c
                0x0000000008000190                . = ALIGN (0x4)
 *(.text)
 .text          0x0000000008000190       0x40 C:/ST/STM32CubeIDE_1.12.0/STM32CubeIDE/plugins/com.st.stm32cube.ide.mcu.externaltools.gnu-tools-for-stm32.11.3.rel1.win32_1.1.1.202309131626/tools/bin/../lib/gcc/arm-none-eabi/11.3.1/thumb/v7e-m+fp/hard/crtbegin.o
 .text          0x00000000080001d0       0x30 C:/ST/STM32CubeIDE_1.12.0/STM32CubeIDE/plugins/com.st.stm32cube.ide.mcu.externaltools.gnu-tools-for-stm32.11.3.rel1.win32_1.1.1.202309131626/tools/bin/../lib/gcc/arm-none-eabi/11.3.1/thumb/v7e-m+fp/hard\libgcc.a(_aeabi_uldivmod.o)
                0x00000000080001d0                __aeabi_uldivmod
 .text          0x0000000008000200      0x2c8 C:/ST/STM32CubeIDE_1.12.0/STM32CubeIDE/plugins/com.st.stm32cube.ide.mcu.externaltools.gnu-tools-for-stm32.11.3.rel1.win32_1.1.1.202309131626/tools/bin/../lib/gcc/arm-none-eabi/11.3.1/thumb/v7e-m+fp/hard\libgcc.a(_udivmoddi4.o)
                0x0000000008000200                __udivmoddi4
 .text          0x00000000080004c8        0x4 C:/ST/STM32CubeIDE_1.12.0/STM32CubeIDE/plugins/com.st.stm32cube.ide.mcu.externaltools.gnu-tools-for-stm32.11.3.rel1.win32_1.1.1.202309131626/tools/bin/../lib/gcc/arm-none-eabi/11.3.1/thumb/v7e-m+fp/hard\libgcc.a(_dvmd_tls.o)
                0x00000000080004c8                __aeabi_idiv0
                0x00000000080004c8                __aeabi_ldiv0
 *(.text*)
 .text.MX_GPIO_Init
                0x00000000080004cc      0x2bc ./Core/Src/gpio.o
                0x00000000080004cc                MX_GPIO_Init
 .text.main     0x0000000008000788       0x16 ./Core/Src/main.o
                0x0000000008000788                main
 *fill*         0x000000000800079e        0x2 
 .text.SystemClock_Config
                0x00000000080007a0       0xd4 ./Core/Src/main.o
                0x00000000080007a0                SystemClock_Config
 .text.HAL_TIM_PeriodElapsedCallback
                0x0000000008000874       0x24 ./Core/Src/main.o
                0x0000000008000874                HAL_TIM_PeriodElapsedCallback
 .text.Error_Handler
                0x0000000008000898        0xa ./Core/Src/main.o
                0x0000000008000898                Error_Handler
 *fill*         0x00000000080008a2        0x2 
 .text.HAL_MspInit
                0x00000000080008a4       0x50 ./Core/Src/stm32f4xx_hal_msp.o
                0x00000000080008a4                HAL_MspInit
 .text.HAL_InitTick
                0x00000000080008f4       0xf8 ./Core/Src/stm32f4xx_hal_timebase_tim.o
                0x00000000080008f4                HAL_InitTick
 .text.NMI_Handler
                0x00000000080009ec        0x6 ./Core/Src/stm32f4xx_it.o
                0x00000000080009ec                NMI_Handler
 .text.HardFault_Handler
                0x00000000080009f2        0x6 ./Core/Src/stm32f4xx_it.o
                0x00000000080009f2                HardFault_Handler
 .text.MemManage_Handler
                0x00000000080009f8        0x6 ./Core/Src/stm32f4xx_it.o
                0x00000000080009f8                MemManage_Handler
 .text.BusFault_Handler
                0x00000000080009fe        0x6 ./Core/Src/stm32f4xx_it.o
                0x00000000080009fe                BusFault_Handler
 .text.UsageFault_Handler
                0x0000000008000a04        0x6 ./Core/Src/stm32f4xx_it.o
                0x0000000008000a04                UsageFault_Handler
 .text.DebugMon_Handler
                0x0000000008000a0a        0xe ./Core/Src/stm32f4xx_it.o
                0x0000000008000a0a                DebugMon_Handler
 .text.TIM6_DAC_IRQHandler
                0x0000000008000a18       0x14 ./Core/Src/stm32f4xx_it.o
                0x0000000008000a18                TIM6_DAC_IRQHandler
 .text.SystemInit
                0x0000000008000a2c       0x24 ./Core/Src/system_stm32f4xx.o
                0x0000000008000a2c                SystemInit
 .text.MX_USART2_UART_Init
                0x0000000008000a50       0x54 ./Core/Src/usart.o
                0x0000000008000a50                MX_USART2_UART_Init
 .text.HAL_UART_MspInit
                0x0000000008000aa4       0x90 ./Core/Src/usart.o
                0x0000000008000aa4                HAL_UART_MspInit
 .text.Reset_Handler
                0x0000000008000b34       0x50 ./Core/Startup/startup_stm32f407vgtx.o
                0x0000000008000b34                Reset_Handler
 .text.Default_Handler
                0x0000000008000b84        0x2 ./Core/Startup/startup_stm32f407vgtx.o
                0x0000000008000b84                RTC_Alarm_IRQHandler
                0x0000000008000b84                HASH_RNG_IRQHandler
                0x0000000008000b84                EXTI2_IRQHandler
                0x0000000008000b84                TIM8_CC_IRQHandler
                0x0000000008000b84                TIM1_CC_IRQHandler
                0x0000000008000b84                DMA2_Stream5_IRQHandler
                0x0000000008000b84                DMA1_Stream5_IRQHandler
                0x0000000008000b84                PVD_IRQHandler
                0x0000000008000b84                SDIO_IRQHandler
                0x0000000008000b84                TAMP_STAMP_IRQHandler
                0x0000000008000b84                CAN2_RX1_IRQHandler
                0x0000000008000b84                EXTI3_IRQHandler
                0x0000000008000b84                TIM8_TRG_COM_TIM14_IRQHandler
                0x0000000008000b84                TIM1_UP_TIM10_IRQHandler
                0x0000000008000b84                TIM8_UP_TIM13_IRQHandler
                0x0000000008000b84                I2C3_ER_IRQHandler
                0x0000000008000b84                EXTI0_IRQHandler
                0x0000000008000b84                I2C2_EV_IRQHandler
                0x0000000008000b84                DMA1_Stream2_IRQHandler
                0x0000000008000b84                CAN1_RX0_IRQHandler
                0x0000000008000b84                FPU_IRQHandler
                0x0000000008000b84                OTG_HS_WKUP_IRQHandler
                0x0000000008000b84                CAN2_SCE_IRQHandler
                0x0000000008000b84                DMA2_Stream2_IRQHandler
                0x0000000008000b84                SPI1_IRQHandler
                0x0000000008000b84                TIM1_BRK_TIM9_IRQHandler
                0x0000000008000b84                DCMI_IRQHandler
                0x0000000008000b84                CAN2_RX0_IRQHandler
                0x0000000008000b84                DMA2_Stream3_IRQHandler
                0x0000000008000b84                USART6_IRQHandler
                0x0000000008000b84                USART3_IRQHandler
                0x0000000008000b84                CAN1_RX1_IRQHandler
                0x0000000008000b84                UART5_IRQHandler
                0x0000000008000b84                DMA2_Stream0_IRQHandler
                0x0000000008000b84                TIM4_IRQHandler
                0x0000000008000b84                I2C1_EV_IRQHandler
                0x0000000008000b84                DMA1_Stream6_IRQHandler
                0x0000000008000b84                DMA1_Stream1_IRQHandler
                0x0000000008000b84                UART4_IRQHandler
                0x0000000008000b84                TIM3_IRQHandler
                0x0000000008000b84                RCC_IRQHandler
                0x0000000008000b84                TIM8_BRK_TIM12_IRQHandler
                0x0000000008000b84                Default_Handler
                0x0000000008000b84                EXTI15_10_IRQHandler
                0x0000000008000b84                ADC_IRQHandler
                0x0000000008000b84                DMA1_Stream7_IRQHandler
                0x0000000008000b84                TIM7_IRQHandler
                0x0000000008000b84                CAN2_TX_IRQHandler
                0x0000000008000b84                TIM5_IRQHandler
                0x0000000008000b84                DMA2_Stream7_IRQHandler
                0x0000000008000b84                I2C3_EV_IRQHandler
                0x0000000008000b84                EXTI9_5_IRQHandler
                0x0000000008000b84                RTC_WKUP_IRQHandler
                0x0000000008000b84                ETH_WKUP_IRQHandler
                0x0000000008000b84                SPI2_IRQHandler
                0x0000000008000b84                OTG_HS_EP1_IN_IRQHandler
                0x0000000008000b84                DMA1_Stream0_IRQHandler
                0x0000000008000b84                CAN1_TX_IRQHandler
                0x0000000008000b84                EXTI4_IRQHandler
                0x0000000008000b84                FSMC_IRQHandler
                0x0000000008000b84                ETH_IRQHandler
                0x0000000008000b84                OTG_HS_EP1_OUT_IRQHandler
                0x0000000008000b84                WWDG_IRQHandler
                0x0000000008000b84                TIM2_IRQHandler
                0x0000000008000b84                OTG_FS_WKUP_IRQHandler
                0x0000000008000b84                TIM1_TRG_COM_TIM11_IRQHandler
                0x0000000008000b84                OTG_HS_IRQHandler
                0x0000000008000b84                EXTI1_IRQHandler
                0x0000000008000b84                USART2_IRQHandler
                0x0000000008000b84                I2C2_ER_IRQHandler
                0x0000000008000b84                DMA2_Stream1_IRQHandler
                0x0000000008000b84                CAN1_SCE_IRQHandler
                0x0000000008000b84                FLASH_IRQHandler
                0x0000000008000b84                DMA2_Stream4_IRQHandler
                0x0000000008000b84                USART1_IRQHandler
                0x0000000008000b84                OTG_FS_IRQHandler
                0x0000000008000b84                SPI3_IRQHandler
                0x0000000008000b84                DMA1_Stream4_IRQHandler
                0x0000000008000b84                I2C1_ER_IRQHandler
                0x0000000008000b84                DMA2_Stream6_IRQHandler
                0x0000000008000b84                DMA1_Stream3_IRQHandler
 *fill*         0x0000000008000b86        0x2 
 .text.HAL_Init
                0x0000000008000b88       0x44 ./Drivers/STM32F4xx_HAL_Driver/Src/stm32f4xx_hal.o
                0x0000000008000b88                HAL_Init
 .text.HAL_IncTick
                0x0000000008000bcc       0x28 ./Drivers/STM32F4xx_HAL_Driver/Src/stm32f4xx_hal.o
                0x0000000008000bcc                HAL_IncTick
 .text.HAL_GetTick
                0x0000000008000bf4       0x18 ./Drivers/STM32F4xx_HAL_Driver/Src/stm32f4xx_hal.o
                0x0000000008000bf4                HAL_GetTick
 .text.__NVIC_SetPriorityGrouping
                0x0000000008000c0c       0x48 ./Drivers/STM32F4xx_HAL_Driver/Src/stm32f4xx_hal_cortex.o
 .text.__NVIC_GetPriorityGrouping
                0x0000000008000c54       0x1c ./Drivers/STM32F4xx_HAL_Driver/Src/stm32f4xx_hal_cortex.o
 .text.__NVIC_EnableIRQ
                0x0000000008000c70       0x3c ./Drivers/STM32F4xx_HAL_Driver/Src/stm32f4xx_hal_cortex.o
 .text.__NVIC_SetPriority
                0x0000000008000cac       0x54 ./Drivers/STM32F4xx_HAL_Driver/Src/stm32f4xx_hal_cortex.o
 .text.NVIC_EncodePriority
                0x0000000008000d00       0x66 ./Drivers/STM32F4xx_HAL_Driver/Src/stm32f4xx_hal_cortex.o
 .text.HAL_NVIC_SetPriorityGrouping
                0x0000000008000d66       0x16 ./Drivers/STM32F4xx_HAL_Driver/Src/stm32f4xx_hal_cortex.o
                0x0000000008000d66                HAL_NVIC_SetPriorityGrouping
 .text.HAL_NVIC_SetPriority
                0x0000000008000d7c       0x38 ./Drivers/STM32F4xx_HAL_Driver/Src/stm32f4xx_hal_cortex.o
                0x0000000008000d7c                HAL_NVIC_SetPriority
 .text.HAL_NVIC_EnableIRQ
                0x0000000008000db4       0x1c ./Drivers/STM32F4xx_HAL_Driver/Src/stm32f4xx_hal_cortex.o
                0x0000000008000db4                HAL_NVIC_EnableIRQ
 .text.HAL_GPIO_Init
                0x0000000008000dd0      0x338 ./Drivers/STM32F4xx_HAL_Driver/Src/stm32f4xx_hal_gpio.o
                0x0000000008000dd0                HAL_GPIO_Init
 .text.HAL_GPIO_WritePin
                0x0000000008001108       0x32 ./Drivers/STM32F4xx_HAL_Driver/Src/stm32f4xx_hal_gpio.o
                0x0000000008001108                HAL_GPIO_WritePin
 *fill*         0x000000000800113a        0x2 
 .text.HAL_RCC_OscConfig
                0x000000000800113c      0x4f0 ./Drivers/STM32F4xx_HAL_Driver/Src/stm32f4xx_hal_rcc.o
                0x000000000800113c                HAL_RCC_OscConfig
 .text.HAL_RCC_ClockConfig
                0x000000000800162c      0x1cc ./Drivers/STM32F4xx_HAL_Driver/Src/stm32f4xx_hal_rcc.o
                0x000000000800162c                HAL_RCC_ClockConfig
 .text.HAL_RCC_GetSysClockFreq
                0x00000000080017f8      0x20c ./Drivers/STM32F4xx_HAL_Driver/Src/stm32f4xx_hal_rcc.o
                0x00000000080017f8                HAL_RCC_GetSysClockFreq
 .text.HAL_RCC_GetHCLKFreq
                0x0000000008001a04       0x18 ./Drivers/STM32F4xx_HAL_Driver/Src/stm32f4xx_hal_rcc.o
                0x0000000008001a04                HAL_RCC_GetHCLKFreq
 .text.HAL_RCC_GetPCLK1Freq
                0x0000000008001a1c       0x28 ./Drivers/STM32F4xx_HAL_Driver/Src/stm32f4xx_hal_rcc.o
                0x0000000008001a1c                HAL_RCC_GetPCLK1Freq
 .text.HAL_RCC_GetPCLK2Freq
                0x0000000008001a44       0x28 ./Drivers/STM32F4xx_HAL_Driver/Src/stm32f4xx_hal_rcc.o
                0x0000000008001a44                HAL_RCC_GetPCLK2Freq
 .text.HAL_RCC_GetClockConfig
                0x0000000008001a6c       0x64 ./Drivers/STM32F4xx_HAL_Driver/Src/stm32f4xx_hal_rcc.o
                0x0000000008001a6c                HAL_RCC_GetClockConfig
 .text.HAL_TIM_Base_Init
                0x0000000008001ad0       0x9e ./Drivers/STM32F4xx_HAL_Driver/Src/stm32f4xx_hal_tim.o
                0x0000000008001ad0                HAL_TIM_Base_Init
 .text.HAL_TIM_Base_MspInit
                0x0000000008001b6e       0x14 ./Drivers/STM32F4xx_HAL_Driver/Src/stm32f4xx_hal_tim.o
                0x0000000008001b6e                HAL_TIM_Base_MspInit
 *fill*         0x0000000008001b82        0x2 
 .text.HAL_TIM_Base_Start_IT
                0x0000000008001b84       0xe0 ./Drivers/STM32F4xx_HAL_Driver/Src/stm32f4xx_hal_tim.o
                0x0000000008001b84                HAL_TIM_Base_Start_IT
 .text.HAL_TIM_IRQHandler
                0x0000000008001c64      0x210 ./Drivers/STM32F4xx_HAL_Driver/Src/stm32f4xx_hal_tim.o
                0x0000000008001c64                HAL_TIM_IRQHandler
 .text.HAL_TIM_OC_DelayElapsedCallback
                0x0000000008001e74       0x14 ./Drivers/STM32F4xx_HAL_Driver/Src/stm32f4xx_hal_tim.o
                0x0000000008001e74                HAL_TIM_OC_DelayElapsedCallback
 .text.HAL_TIM_IC_CaptureCallback
                0x0000000008001e88       0x14 ./Drivers/STM32F4xx_HAL_Driver/Src/stm32f4xx_hal_tim.o
                0x0000000008001e88                HAL_TIM_IC_CaptureCallback
 .text.HAL_TIM_PWM_PulseFinishedCallback
                0x0000000008001e9c       0x14 ./Drivers/STM32F4xx_HAL_Driver/Src/stm32f4xx_hal_tim.o
                0x0000000008001e9c                HAL_TIM_PWM_PulseFinishedCallback
 .text.HAL_TIM_TriggerCallback
                0x0000000008001eb0       0x14 ./Drivers/STM32F4xx_HAL_Driver/Src/stm32f4xx_hal_tim.o
                0x0000000008001eb0                HAL_TIM_TriggerCallback
 .text.TIM_Base_SetConfig
                0x0000000008001ec4      0x140 ./Drivers/STM32F4xx_HAL_Driver/Src/stm32f4xx_hal_tim.o
                0x0000000008001ec4                TIM_Base_SetConfig
 .text.HAL_TIMEx_CommutCallback
                0x0000000008002004       0x14 ./Drivers/STM32F4xx_HAL_Driver/Src/stm32f4xx_hal_tim_ex.o
                0x0000000008002004                HAL_TIMEx_CommutCallback
 .text.HAL_TIMEx_BreakCallback
                0x0000000008002018       0x14 ./Drivers/STM32F4xx_HAL_Driver/Src/stm32f4xx_hal_tim_ex.o
                0x0000000008002018                HAL_TIMEx_BreakCallback
 .text.HAL_UART_Init
                0x000000000800202c       0x9a ./Drivers/STM32F4xx_HAL_Driver/Src/stm32f4xx_hal_uart.o
                0x000000000800202c                HAL_UART_Init
 *fill*         0x00000000080020c6        0x2 
 .text.UART_SetConfig
                0x00000000080020c8      0x4e8 ./Drivers/STM32F4xx_HAL_Driver/Src/stm32f4xx_hal_uart.o
 .text.xTaskIncrementTick
                0x00000000080025b0      0x22c ./ThirdParty/FreeRTOS/tasks.o
                0x00000000080025b0                xTaskIncrementTick
 .text.vTaskSwitchContext
                0x00000000080027dc       0xb8 ./ThirdParty/FreeRTOS/tasks.o
                0x00000000080027dc                vTaskSwitchContext
 .text.prvResetNextTaskUnblockTime
                0x0000000008002894       0x38 ./ThirdParty/FreeRTOS/tasks.o
 *fill*         0x00000000080028cc        0x4 
 .text.SVC_Handler
                0x00000000080028d0       0x28 ./ThirdParty/FreeRTOS/portable/GCC/ARM_CM4F/port.o
                0x00000000080028d0                SVC_Handler
 *fill*         0x00000000080028f8        0x8 
 .text.PendSV_Handler
                0x0000000008002900       0x68 ./ThirdParty/FreeRTOS/portable/GCC/ARM_CM4F/port.o
                0x0000000008002900                PendSV_Handler
 .text.SysTick_Handler
                0x0000000008002968       0x44 ./ThirdParty/FreeRTOS/portable/GCC/ARM_CM4F/port.o
                0x0000000008002968                SysTick_Handler
 .text.memset   0x00000000080029ac       0x10 C:/ST/STM32CubeIDE_1.12.0/STM32CubeIDE/plugins/com.st.stm32cube.ide.mcu.externaltools.gnu-tools-for-stm32.11.3.rel1.win32_1.1.1.202309131626/tools/bin/../lib/gcc/arm-none-eabi/11.3.1/../../../../arm-none-eabi/lib/thumb/v7e-m+fp/hard\libc_nano.a(libc_a-memset.o)
                0x00000000080029ac                memset
 .text.__libc_init_array
                0x00000000080029bc       0x48 C:/ST/STM32CubeIDE_1.12.0/STM32CubeIDE/plugins/com.st.stm32cube.ide.mcu.externaltools.gnu-tools-for-stm32.11.3.rel1.win32_1.1.1.202309131626/tools/bin/../lib/gcc/arm-none-eabi/11.3.1/../../../../arm-none-eabi/lib/thumb/v7e-m+fp/hard\libc_nano.a(libc_a-init.o)
                0x00000000080029bc                __libc_init_array
 *(.glue_7)
 .glue_7        0x0000000008002a04        0x0 linker stubs
 *(.glue_7t)
 .glue_7t       0x0000000008002a04        0x0 linker stubs
 *(.eh_frame)
 .eh_frame      0x0000000008002a04        0x0 C:/ST/STM32CubeIDE_1.12.0/STM32CubeIDE/plugins/com.st.stm32cube.ide.mcu.externaltools.gnu-tools-for-stm32.11.3.rel1.win32_1.1.1.202309131626/tools/bin/../lib/gcc/arm-none-eabi/11.3.1/thumb/v7e-m+fp/hard/crtbegin.o
 *(.init)
 .init          0x0000000008002a04        0x4 C:/ST/STM32CubeIDE_1.12.0/STM32CubeIDE/plugins/com.st.stm32cube.ide.mcu.externaltools.gnu-tools-for-stm32.11.3.rel1.win32_1.1.1.202309131626/tools/bin/../lib/gcc/arm-none-eabi/11.3.1/thumb/v7e-m+fp/hard/crti.o
                0x0000000008002a04                _init
 .init          0x0000000008002a08        0x8 C:/ST/STM32CubeIDE_1.12.0/STM32CubeIDE/plugins/com.st.stm32cube.ide.mcu.externaltools.gnu-tools-for-stm32.11.3.rel1.win32_1.1.1.202309131626/tools/bin/../lib/gcc/arm-none-eabi/11.3.1/thumb/v7e-m+fp/hard/crtn.o
 *(.fini)
 .fini          0x0000000008002a10        0x4 C:/ST/STM32CubeIDE_1.12.0/STM32CubeIDE/plugins/com.st.stm32cube.ide.mcu.externaltools.gnu-tools-for-stm32.11.3.rel1.win32_1.1.1.202309131626/tools/bin/../lib/gcc/arm-none-eabi/11.3.1/thumb/v7e-m+fp/hard/crti.o
                0x0000000008002a10                _fini
 .fini          0x0000000008002a14        0x8 C:/ST/STM32CubeIDE_1.12.0/STM32CubeIDE/plugins/com.st.stm32cube.ide.mcu.externaltools.gnu-tools-for-stm32.11.3.rel1.win32_1.1.1.202309131626/tools/bin/../lib/gcc/arm-none-eabi/11.3.1/thumb/v7e-m+fp/hard/crtn.o
                0x0000000008002a1c                . = ALIGN (0x4)
                0x0000000008002a1c                _etext = .

.vfp11_veneer   0x0000000008002a1c        0x0
 .vfp11_veneer  0x0000000008002a1c        0x0 linker stubs

.v4_bx          0x0000000008002a1c        0x0
 .v4_bx         0x0000000008002a1c        0x0 linker stubs

.iplt           0x0000000008002a1c        0x0
 .iplt          0x0000000008002a1c        0x0 C:/ST/STM32CubeIDE_1.12.0/STM32CubeIDE/plugins/com.st.stm32cube.ide.mcu.externaltools.gnu-tools-for-stm32.11.3.rel1.win32_1.1.1.202309131626/tools/bin/../lib/gcc/arm-none-eabi/11.3.1/thumb/v7e-m+fp/hard/crtbegin.o

.rodata         0x0000000008002a1c       0x18
                0x0000000008002a1c                . = ALIGN (0x4)
 *(.rodata)
 *(.rodata*)
 .rodata.AHBPrescTable
                0x0000000008002a1c       0x10 ./Core/Src/system_stm32f4xx.o
                0x0000000008002a1c                AHBPrescTable
 .rodata.APBPrescTable
                0x0000000008002a2c        0x8 ./Core/Src/system_stm32f4xx.o
                0x0000000008002a2c                APBPrescTable
                0x0000000008002a34                . = ALIGN (0x4)

.ARM.extab      0x0000000008002a34        0x0
                0x0000000008002a34                . = ALIGN (0x4)
 *(.ARM.extab* .gnu.linkonce.armextab.*)
                0x0000000008002a34                . = ALIGN (0x4)

.ARM            0x0000000008002a34        0x8
                0x0000000008002a34                . = ALIGN (0x4)
                0x0000000008002a34                __exidx_start = .
 *(.ARM.exidx*)
 .ARM.exidx     0x0000000008002a34        0x8 C:/ST/STM32CubeIDE_1.12.0/STM32CubeIDE/plugins/com.st.stm32cube.ide.mcu.externaltools.gnu-tools-for-stm32.11.3.rel1.win32_1.1.1.202309131626/tools/bin/../lib/gcc/arm-none-eabi/11.3.1/thumb/v7e-m+fp/hard\libgcc.a(_udivmoddi4.o)
                0x0000000008002a3c                __exidx_end = .
                0x0000000008002a3c                . = ALIGN (0x4)

.rel.dyn        0x0000000008002a3c        0x0
 .rel.iplt      0x0000000008002a3c        0x0 C:/ST/STM32CubeIDE_1.12.0/STM32CubeIDE/plugins/com.st.stm32cube.ide.mcu.externaltools.gnu-tools-for-stm32.11.3.rel1.win32_1.1.1.202309131626/tools/bin/../lib/gcc/arm-none-eabi/11.3.1/thumb/v7e-m+fp/hard/crtbegin.o

.preinit_array  0x0000000008002a3c        0x0
                0x0000000008002a3c                . = ALIGN (0x4)
                0x0000000008002a3c                PROVIDE (__preinit_array_start = .)
 *(.preinit_array*)
                0x0000000008002a3c                PROVIDE (__preinit_array_end = .)
                0x0000000008002a3c                . = ALIGN (0x4)

.init_array     0x0000000008002a3c        0x4
                0x0000000008002a3c                . = ALIGN (0x4)
                0x0000000008002a3c                PROVIDE (__init_array_start = .)
 *(SORT_BY_NAME(.init_array.*))
 *(.init_array*)
 .init_array    0x0000000008002a3c        0x4 C:/ST/STM32CubeIDE_1.12.0/STM32CubeIDE/plugins/com.st.stm32cube.ide.mcu.externaltools.gnu-tools-for-stm32.11.3.rel1.win32_1.1.1.202309131626/tools/bin/../lib/gcc/arm-none-eabi/11.3.1/thumb/v7e-m+fp/hard/crtbegin.o
                0x0000000008002a40                PROVIDE (__init_array_end = .)
                0x0000000008002a40                . = ALIGN (0x4)

.fini_array     0x0000000008002a40        0x4
                0x0000000008002a40                . = ALIGN (0x4)
                [!provide]                        PROVIDE (__fini_array_start = .)
 *(SORT_BY_NAME(.fini_array.*))
 *(.fini_array*)
 .fini_array    0x0000000008002a40        0x4 C:/ST/STM32CubeIDE_1.12.0/STM32CubeIDE/plugins/com.st.stm32cube.ide.mcu.externaltools.gnu-tools-for-stm32.11.3.rel1.win32_1.1.1.202309131626/tools/bin/../lib/gcc/arm-none-eabi/11.3.1/thumb/v7e-m+fp/hard/crtbegin.o
                [!provide]                        PROVIDE (__fini_array_end = .)
                0x0000000008002a44                . = ALIGN (0x4)
                0x0000000008002a44                _sidata = LOADADDR (.data)

.data           0x0000000020000000        0xc load address 0x0000000008002a44
                0x0000000020000000                . = ALIGN (0x4)
                0x0000000020000000                _sdata = .
 *(.data)
 *(.data*)
 .data.SystemCoreClock
                0x0000000020000000        0x4 ./Core/Src/system_stm32f4xx.o
                0x0000000020000000                SystemCoreClock
 .data.uwTickPrio
                0x0000000020000004        0x4 ./Drivers/STM32F4xx_HAL_Driver/Src/stm32f4xx_hal.o
                0x0000000020000004                uwTickPrio
 .data.uwTickFreq
                0x0000000020000008        0x1 ./Drivers/STM32F4xx_HAL_Driver/Src/stm32f4xx_hal.o
                0x0000000020000008                uwTickFreq
 *(.RamFunc)
 *(.RamFunc*)
                0x000000002000000c                . = ALIGN (0x4)
 *fill*         0x0000000020000009        0x3 
                0x000000002000000c                _edata = .
                0x0000000008002a50                _siccmram = LOADADDR (.ccmram)

.igot.plt       0x000000002000000c        0x0 load address 0x0000000008002a50
 .igot.plt      0x000000002000000c        0x0 C:/ST/STM32CubeIDE_1.12.0/STM32CubeIDE/plugins/com.st.stm32cube.ide.mcu.externaltools.gnu-tools-for-stm32.11.3.rel1.win32_1.1.1.202309131626/tools/bin/../lib/gcc/arm-none-eabi/11.3.1/thumb/v7e-m+fp/hard/crtbegin.o

.ccmram         0x0000000010000000        0x0 load address 0x0000000008002a50
                0x0000000010000000                . = ALIGN (0x4)
                0x0000000010000000                _sccmram = .
 *(.ccmram)
 *(.ccmram*)
                0x0000000010000000                . = ALIGN (0x4)
                0x0000000010000000                _eccmram = .
                0x0000000010000000                . = ALIGN (0x4)

.bss            0x000000002000000c      0x138
                0x000000002000000c                _sbss = .
                0x000000002000000c                __bss_start__ = _sbss
 *(.bss)
 .bss           0x000000002000000c       0x1c C:/ST/STM32CubeIDE_1.12.0/STM32CubeIDE/plugins/com.st.stm32cube.ide.mcu.externaltools.gnu-tools-for-stm32.11.3.rel1.win32_1.1.1.202309131626/tools/bin/../lib/gcc/arm-none-eabi/11.3.1/thumb/v7e-m+fp/hard/crtbegin.o
 *(.bss*)
 .bss.htim6     0x0000000020000028       0x48 ./Core/Src/stm32f4xx_hal_timebase_tim.o
                0x0000000020000028                htim6
 .bss.huart2    0x0000000020000070       0x44 ./Core/Src/usart.o
                0x0000000020000070                huart2
 .bss.uwTick    0x00000000200000b4        0x4 ./Drivers/STM32F4xx_HAL_Driver/Src/stm32f4xx_hal.o
                0x00000000200000b4                uwTick
 .bss.pxCurrentTCB
                0x00000000200000b8        0x4 ./ThirdParty/FreeRTOS/tasks.o
                0x00000000200000b8                pxCurrentTCB
 .bss.pxReadyTasksLists
                0x00000000200000bc       0x64 ./ThirdParty/FreeRTOS/tasks.o
 .bss.pxDelayedTaskList
                0x0000000020000120        0x4 ./ThirdParty/FreeRTOS/tasks.o
 .bss.pxOverflowDelayedTaskList
                0x0000000020000124        0x4 ./ThirdParty/FreeRTOS/tasks.o
 .bss.xTickCount
                0x0000000020000128        0x4 ./ThirdParty/FreeRTOS/tasks.o
 .bss.uxTopReadyPriority
                0x000000002000012c        0x4 ./ThirdParty/FreeRTOS/tasks.o
 .bss.xPendedTicks
                0x0000000020000130        0x4 ./ThirdParty/FreeRTOS/tasks.o
 .bss.xYieldPending
                0x0000000020000134        0x4 ./ThirdParty/FreeRTOS/tasks.o
 .bss.xNumOfOverflows
                0x0000000020000138        0x4 ./ThirdParty/FreeRTOS/tasks.o
 .bss.xNextTaskUnblockTime
                0x000000002000013c        0x4 ./ThirdParty/FreeRTOS/tasks.o
 .bss.uxSchedulerSuspended
                0x0000000020000140        0x4 ./ThirdParty/FreeRTOS/tasks.o
 *(COMMON)
                0x0000000020000144                . = ALIGN (0x4)
                0x0000000020000144                _ebss = .
                0x0000000020000144                __bss_end__ = _ebss

._user_heap_stack
                0x0000000020000144      0x604
                0x0000000020000148                . = ALIGN (0x8)
 *fill*         0x0000000020000144        0x4 
                0x0000000020000148                PROVIDE (end = .)
                [!provide]                        PROVIDE (_end = .)
                0x0000000020000348                . = (. + _Min_Heap_Size)
 *fill*         0x0000000020000148      0x200 
                0x0000000020000748                . = (. + _Min_Stack_Size)
 *fill*         0x0000000020000348      0x400 
                0x0000000020000748                . = ALIGN (0x8)

/DISCARD/
 libc.a(*)
 libm.a(*)
 libgcc.a(*)

.ARM.attributes
                0x0000000000000000       0x30
 *(.ARM.attributes)
 .ARM.attributes
                0x0000000000000000       0x1e C:/ST/STM32CubeIDE_1.12.0/STM32CubeIDE/plugins/com.st.stm32cube.ide.mcu.externaltools.gnu-tools-for-stm32.11.3.rel1.win32_1.1.1.202309131626/tools/bin/../lib/gcc/arm-none-eabi/11.3.1/thumb/v7e-m+fp/hard/crti.o
 .ARM.attributes
                0x000000000000001e       0x34 C:/ST/STM32CubeIDE_1.12.0/STM32CubeIDE/plugins/com.st.stm32cube.ide.mcu.externaltools.gnu-tools-for-stm32.11.3.rel1.win32_1.1.1.202309131626/tools/bin/../lib/gcc/arm-none-eabi/11.3.1/thumb/v7e-m+fp/hard/crtbegin.o
 .ARM.attributes
                0x0000000000000052       0x34 ./Core/Src/gpio.o
 .ARM.attributes
                0x0000000000000086       0x34 ./Core/Src/main.o
 .ARM.attributes
                0x00000000000000ba       0x34 ./Core/Src/stm32f4xx_hal_msp.o
 .ARM.attributes
                0x00000000000000ee       0x34 ./Core/Src/stm32f4xx_hal_timebase_tim.o
 .ARM.attributes
                0x0000000000000122       0x34 ./Core/Src/stm32f4xx_it.o
 .ARM.attributes
                0x0000000000000156       0x34 ./Core/Src/system_stm32f4xx.o
 .ARM.attributes
                0x000000000000018a       0x34 ./Core/Src/usart.o
 .ARM.attributes
                0x00000000000001be       0x21 ./Core/Startup/startup_stm32f407vgtx.o
 .ARM.attributes
                0x00000000000001df       0x34 ./Drivers/STM32F4xx_HAL_Driver/Src/stm32f4xx_hal.o
 .ARM.attributes
                0x0000000000000213       0x34 ./Drivers/STM32F4xx_HAL_Driver/Src/stm32f4xx_hal_cortex.o
 .ARM.attributes
                0x0000000000000247       0x34 ./Drivers/STM32F4xx_HAL_Driver/Src/stm32f4xx_hal_gpio.o
 .ARM.attributes
                0x000000000000027b       0x34 ./Drivers/STM32F4xx_HAL_Driver/Src/stm32f4xx_hal_rcc.o
 .ARM.attributes
                0x00000000000002af       0x34 ./Drivers/STM32F4xx_HAL_Driver/Src/stm32f4xx_hal_tim.o
 .ARM.attributes
                0x00000000000002e3       0x34 ./Drivers/STM32F4xx_HAL_Driver/Src/stm32f4xx_hal_tim_ex.o
 .ARM.attributes
                0x0000000000000317       0x34 ./Drivers/STM32F4xx_HAL_Driver/Src/stm32f4xx_hal_uart.o
 .ARM.attributes
                0x000000000000034b       0x34 ./ThirdParty/FreeRTOS/tasks.o
 .ARM.attributes
                0x000000000000037f       0x34 ./ThirdParty/FreeRTOS/portable/GCC/ARM_CM4F/port.o
 .ARM.attributes
                0x00000000000003b3       0x34 C:/ST/STM32CubeIDE_1.12.0/STM32CubeIDE/plugins/com.st.stm32cube.ide.mcu.externaltools.gnu-tools-for-stm32.11.3.rel1.win32_1.1.1.202309131626/tools/bin/../lib/gcc/arm-none-eabi/11.3.1/../../../../arm-none-eabi/lib/thumb/v7e-m+fp/hard\libc_nano.a(libc_a-memset.o)
 .ARM.attributes
                0x00000000000003e7       0x34 C:/ST/STM32CubeIDE_1.12.0/STM32CubeIDE/plugins/com.st.stm32cube.ide.mcu.externaltools.gnu-tools-for-stm32.11.3.rel1.win32_1.1.1.202309131626/tools/bin/../lib/gcc/arm-none-eabi/11.3.1/../../../../arm-none-eabi/lib/thumb/v7e-m+fp/hard\libc_nano.a(libc_a-init.o)
 .ARM.attributes
                0x000000000000041b       0x1e C:/ST/STM32CubeIDE_1.12.0/STM32CubeIDE/plugins/com.st.stm32cube.ide.mcu.externaltools.gnu-tools-for-stm32.11.3.rel1.win32_1.1.1.202309131626/tools/bin/../lib/gcc/arm-none-eabi/11.3.1/thumb/v7e-m+fp/hard\libgcc.a(_aeabi_uldivmod.o)
 .ARM.attributes
                0x0000000000000439       0x34 C:/ST/STM32CubeIDE_1.12.0/STM32CubeIDE/plugins/com.st.stm32cube.ide.mcu.externaltools.gnu-tools-for-stm32.11.3.rel1.win32_1.1.1.202309131626/tools/bin/../lib/gcc/arm-none-eabi/11.3.1/thumb/v7e-m+fp/hard\libgcc.a(_udivmoddi4.o)
 .ARM.attributes
                0x000000000000046d       0x1e C:/ST/STM32CubeIDE_1.12.0/STM32CubeIDE/plugins/com.st.stm32cube.ide.mcu.externaltools.gnu-tools-for-stm32.11.3.rel1.win32_1.1.1.202309131626/tools/bin/../lib/gcc/arm-none-eabi/11.3.1/thumb/v7e-m+fp/hard\libgcc.a(_dvmd_tls.o)
 .ARM.attributes
                0x000000000000048b       0x1e C:/ST/STM32CubeIDE_1.12.0/STM32CubeIDE/plugins/com.st.stm32cube.ide.mcu.externaltools.gnu-tools-for-stm32.11.3.rel1.win32_1.1.1.202309131626/tools/bin/../lib/gcc/arm-none-eabi/11.3.1/thumb/v7e-m+fp/hard/crtn.o
OUTPUT(00_Test.elf elf32-littlearm)
LOAD linker stubs
LOAD C:/ST/STM32CubeIDE_1.12.0/STM32CubeIDE/plugins/com.st.stm32cube.ide.mcu.externaltools.gnu-tools-for-stm32.11.3.rel1.win32_1.1.1.202309131626/tools/bin/../lib/gcc/arm-none-eabi/11.3.1/../../../../arm-none-eabi/lib/thumb/v7e-m+fp/hard\libc.a
LOAD C:/ST/STM32CubeIDE_1.12.0/STM32CubeIDE/plugins/com.st.stm32cube.ide.mcu.externaltools.gnu-tools-for-stm32.11.3.rel1.win32_1.1.1.202309131626/tools/bin/../lib/gcc/arm-none-eabi/11.3.1/../../../../arm-none-eabi/lib/thumb/v7e-m+fp/hard\libm.a
LOAD C:/ST/STM32CubeIDE_1.12.0/STM32CubeIDE/plugins/com.st.stm32cube.ide.mcu.externaltools.gnu-tools-for-stm32.11.3.rel1.win32_1.1.1.202309131626/tools/bin/../lib/gcc/arm-none-eabi/11.3.1/thumb/v7e-m+fp/hard\libgcc.a

.comment        0x0000000000000000       0x43
 .comment       0x0000000000000000       0x43 C:/ST/STM32CubeIDE_1.12.0/STM32CubeIDE/plugins/com.st.stm32cube.ide.mcu.externaltools.gnu-tools-for-stm32.11.3.rel1.win32_1.1.1.202309131626/tools/bin/../lib/gcc/arm-none-eabi/11.3.1/thumb/v7e-m+fp/hard/crtbegin.o
                                         0x44 (size before relaxing)
 .comment       0x0000000000000043       0x44 ./Core/Src/gpio.o
 .comment       0x0000000000000043       0x44 ./Core/Src/main.o
 .comment       0x0000000000000043       0x44 ./Core/Src/stm32f4xx_hal_msp.o
 .comment       0x0000000000000043       0x44 ./Core/Src/stm32f4xx_hal_timebase_tim.o
 .comment       0x0000000000000043       0x44 ./Core/Src/stm32f4xx_it.o
 .comment       0x0000000000000043       0x44 ./Core/Src/system_stm32f4xx.o
 .comment       0x0000000000000043       0x44 ./Core/Src/usart.o
 .comment       0x0000000000000043       0x44 ./Drivers/STM32F4xx_HAL_Driver/Src/stm32f4xx_hal.o
 .comment       0x0000000000000043       0x44 ./Drivers/STM32F4xx_HAL_Driver/Src/stm32f4xx_hal_cortex.o
 .comment       0x0000000000000043       0x44 ./Drivers/STM32F4xx_HAL_Driver/Src/stm32f4xx_hal_gpio.o
 .comment       0x0000000000000043       0x44 ./Drivers/STM32F4xx_HAL_Driver/Src/stm32f4xx_hal_rcc.o
 .comment       0x0000000000000043       0x44 ./Drivers/STM32F4xx_HAL_Driver/Src/stm32f4xx_hal_tim.o
 .comment       0x0000000000000043       0x44 ./Drivers/STM32F4xx_HAL_Driver/Src/stm32f4xx_hal_tim_ex.o
 .comment       0x0000000000000043       0x44 ./Drivers/STM32F4xx_HAL_Driver/Src/stm32f4xx_hal_uart.o
 .comment       0x0000000000000043       0x44 ./ThirdParty/FreeRTOS/tasks.o
 .comment       0x0000000000000043       0x44 ./ThirdParty/FreeRTOS/portable/GCC/ARM_CM4F/port.o

.debug_info     0x0000000000000000     0xebb6
 .debug_info    0x0000000000000000      0x459 ./Core/Src/gpio.o
 .debug_info    0x0000000000000459      0xaa7 ./Core/Src/main.o
 .debug_info    0x0000000000000f00      0x269 ./Core/Src/stm32f4xx_hal_msp.o
 .debug_info    0x0000000000001169      0xbee ./Core/Src/stm32f4xx_hal_timebase_tim.o
 .debug_info    0x0000000000001d57      0x6ab ./Core/Src/stm32f4xx_it.o
 .debug_info    0x0000000000002402      0x512 ./Core/Src/system_stm32f4xx.o
 .debug_info    0x0000000000002914      0x8ff ./Core/Src/usart.o
 .debug_info    0x0000000000003213       0x23 ./Core/Startup/startup_stm32f407vgtx.o
 .debug_info    0x0000000000003236      0x6c3 ./Drivers/STM32F4xx_HAL_Driver/Src/stm32f4xx_hal.o
 .debug_info    0x00000000000038f9      0xd46 ./Drivers/STM32F4xx_HAL_Driver/Src/stm32f4xx_hal_cortex.o
 .debug_info    0x000000000000463f      0x6c3 ./Drivers/STM32F4xx_HAL_Driver/Src/stm32f4xx_hal_gpio.o
 .debug_info    0x0000000000004d02      0x8b1 ./Drivers/STM32F4xx_HAL_Driver/Src/stm32f4xx_hal_rcc.o
 .debug_info    0x00000000000055b3     0x2938 ./Drivers/STM32F4xx_HAL_Driver/Src/stm32f4xx_hal_tim.o
 .debug_info    0x0000000000007eeb     0x14ae ./Drivers/STM32F4xx_HAL_Driver/Src/stm32f4xx_hal_tim_ex.o
 .debug_info    0x0000000000009399     0x2fb8 ./Drivers/STM32F4xx_HAL_Driver/Src/stm32f4xx_hal_uart.o
 .debug_info    0x000000000000c351     0x2384 ./ThirdParty/FreeRTOS/tasks.o
 .debug_info    0x000000000000e6d5      0x4e1 ./ThirdParty/FreeRTOS/portable/GCC/ARM_CM4F/port.o

.debug_abbrev   0x0000000000000000     0x222a
 .debug_abbrev  0x0000000000000000      0x152 ./Core/Src/gpio.o
 .debug_abbrev  0x0000000000000152      0x220 ./Core/Src/main.o
 .debug_abbrev  0x0000000000000372       0xd8 ./Core/Src/stm32f4xx_hal_msp.o
 .debug_abbrev  0x000000000000044a      0x1f4 ./Core/Src/stm32f4xx_hal_timebase_tim.o
 .debug_abbrev  0x000000000000063e      0x17d ./Core/Src/stm32f4xx_it.o
 .debug_abbrev  0x00000000000007bb      0x11a ./Core/Src/system_stm32f4xx.o
 .debug_abbrev  0x00000000000008d5      0x1f9 ./Core/Src/usart.o
 .debug_abbrev  0x0000000000000ace       0x12 ./Core/Startup/startup_stm32f407vgtx.o
 .debug_abbrev  0x0000000000000ae0      0x1dc ./Drivers/STM32F4xx_HAL_Driver/Src/stm32f4xx_hal.o
 .debug_abbrev  0x0000000000000cbc      0x327 ./Drivers/STM32F4xx_HAL_Driver/Src/stm32f4xx_hal_cortex.o
 .debug_abbrev  0x0000000000000fe3      0x1d4 ./Drivers/STM32F4xx_HAL_Driver/Src/stm32f4xx_hal_gpio.o
 .debug_abbrev  0x00000000000011b7      0x2b6 ./Drivers/STM32F4xx_HAL_Driver/Src/stm32f4xx_hal_rcc.o
 .debug_abbrev  0x000000000000146d      0x270 ./Drivers/STM32F4xx_HAL_Driver/Src/stm32f4xx_hal_tim.o
 .debug_abbrev  0x00000000000016dd      0x27c ./Drivers/STM32F4xx_HAL_Driver/Src/stm32f4xx_hal_tim_ex.o
 .debug_abbrev  0x0000000000001959      0x30e ./Drivers/STM32F4xx_HAL_Driver/Src/stm32f4xx_hal_uart.o
 .debug_abbrev  0x0000000000001c67      0x369 ./ThirdParty/FreeRTOS/tasks.o
 .debug_abbrev  0x0000000000001fd0      0x25a ./ThirdParty/FreeRTOS/portable/GCC/ARM_CM4F/port.o

.debug_aranges  0x0000000000000000      0xdf8
 .debug_aranges
                0x0000000000000000       0x20 ./Core/Src/gpio.o
 .debug_aranges
                0x0000000000000020       0x38 ./Core/Src/main.o
 .debug_aranges
                0x0000000000000058       0x20 ./Core/Src/stm32f4xx_hal_msp.o
 .debug_aranges
                0x0000000000000078       0x30 ./Core/Src/stm32f4xx_hal_timebase_tim.o
 .debug_aranges
                0x00000000000000a8       0x50 ./Core/Src/stm32f4xx_it.o
 .debug_aranges
                0x00000000000000f8       0x28 ./Core/Src/system_stm32f4xx.o
 .debug_aranges
                0x0000000000000120       0x30 ./Core/Src/usart.o
 .debug_aranges
                0x0000000000000150       0x28 ./Core/Startup/startup_stm32f407vgtx.o
 .debug_aranges
                0x0000000000000178       0xe8 ./Drivers/STM32F4xx_HAL_Driver/Src/stm32f4xx_hal.o
 .debug_aranges
                0x0000000000000260      0x118 ./Drivers/STM32F4xx_HAL_Driver/Src/stm32f4xx_hal_cortex.o
 .debug_aranges
                0x0000000000000378       0x58 ./Drivers/STM32F4xx_HAL_Driver/Src/stm32f4xx_hal_gpio.o
 .debug_aranges
                0x00000000000003d0       0x88 ./Drivers/STM32F4xx_HAL_Driver/Src/stm32f4xx_hal_rcc.o
 .debug_aranges
                0x0000000000000458      0x3c8 ./Drivers/STM32F4xx_HAL_Driver/Src/stm32f4xx_hal_tim.o
 .debug_aranges
                0x0000000000000820      0x168 ./Drivers/STM32F4xx_HAL_Driver/Src/stm32f4xx_hal_tim_ex.o
 .debug_aranges
                0x0000000000000988      0x200 ./Drivers/STM32F4xx_HAL_Driver/Src/stm32f4xx_hal_uart.o
 .debug_aranges
                0x0000000000000b88      0x1f0 ./ThirdParty/FreeRTOS/tasks.o
 .debug_aranges
                0x0000000000000d78       0x80 ./ThirdParty/FreeRTOS/portable/GCC/ARM_CM4F/port.o

.debug_rnglists
                0x0000000000000000      0xaee
 .debug_rnglists
                0x0000000000000000       0x14 ./Core/Src/gpio.o
 .debug_rnglists
                0x0000000000000014       0x26 ./Core/Src/main.o
 .debug_rnglists
                0x000000000000003a       0x13 ./Core/Src/stm32f4xx_hal_msp.o
 .debug_rnglists
                0x000000000000004d       0x20 ./Core/Src/stm32f4xx_hal_timebase_tim.o
 .debug_rnglists
                0x000000000000006d       0x37 ./Core/Src/stm32f4xx_it.o
 .debug_rnglists
                0x00000000000000a4       0x1a ./Core/Src/system_stm32f4xx.o
 .debug_rnglists
                0x00000000000000be       0x20 ./Core/Src/usart.o
 .debug_rnglists
                0x00000000000000de       0x19 ./Core/Startup/startup_stm32f407vgtx.o
 .debug_rnglists
                0x00000000000000f7       0xa9 ./Drivers/STM32F4xx_HAL_Driver/Src/stm32f4xx_hal.o
 .debug_rnglists
                0x00000000000001a0       0xce ./Drivers/STM32F4xx_HAL_Driver/Src/stm32f4xx_hal_cortex.o
 .debug_rnglists
                0x000000000000026e       0x3f ./Drivers/STM32F4xx_HAL_Driver/Src/stm32f4xx_hal_gpio.o
 .debug_rnglists
                0x00000000000002ad       0x66 ./Drivers/STM32F4xx_HAL_Driver/Src/stm32f4xx_hal_rcc.o
 .debug_rnglists
                0x0000000000000313      0x314 ./Drivers/STM32F4xx_HAL_Driver/Src/stm32f4xx_hal_tim.o
 .debug_rnglists
                0x0000000000000627      0x125 ./Drivers/STM32F4xx_HAL_Driver/Src/stm32f4xx_hal_tim_ex.o
 .debug_rnglists
                0x000000000000074c      0x1b7 ./Drivers/STM32F4xx_HAL_Driver/Src/stm32f4xx_hal_uart.o
 .debug_rnglists
                0x0000000000000903      0x18e ./ThirdParty/FreeRTOS/tasks.o
 .debug_rnglists
                0x0000000000000a91       0x5d ./ThirdParty/FreeRTOS/portable/GCC/ARM_CM4F/port.o

.debug_macro    0x0000000000000000    0x20b23
 .debug_macro   0x0000000000000000      0x1e7 ./Core/Src/gpio.o
 .debug_macro   0x00000000000001e7      0xaa8 ./Core/Src/gpio.o
 .debug_macro   0x0000000000000c8f      0x29b ./Core/Src/gpio.o
 .debug_macro   0x0000000000000f2a       0x2e ./Core/Src/gpio.o
 .debug_macro   0x0000000000000f58       0x2f ./Core/Src/gpio.o
 .debug_macro   0x0000000000000f87       0x22 ./Core/Src/gpio.o
 .debug_macro   0x0000000000000fa9       0x8e ./Core/Src/gpio.o
 .debug_macro   0x0000000000001037       0x51 ./Core/Src/gpio.o
 .debug_macro   0x0000000000001088      0x103 ./Core/Src/gpio.o
 .debug_macro   0x000000000000118b       0x6a ./Core/Src/gpio.o
 .debug_macro   0x00000000000011f5      0x1df ./Core/Src/gpio.o
 .debug_macro   0x00000000000013d4       0x1c ./Core/Src/gpio.o
 .debug_macro   0x00000000000013f0       0x22 ./Core/Src/gpio.o
 .debug_macro   0x0000000000001412       0xd9 ./Core/Src/gpio.o
 .debug_macro   0x00000000000014eb     0x102d ./Core/Src/gpio.o
 .debug_macro   0x0000000000002518      0x11f ./Core/Src/gpio.o
 .debug_macro   0x0000000000002637    0x15e82 ./Core/Src/gpio.o
 .debug_macro   0x00000000000184b9       0x6d ./Core/Src/gpio.o
 .debug_macro   0x0000000000018526     0x367e ./Core/Src/gpio.o
 .debug_macro   0x000000000001bba4      0x174 ./Core/Src/gpio.o
 .debug_macro   0x000000000001bd18       0x5c ./Core/Src/gpio.o
 .debug_macro   0x000000000001bd74      0x96b ./Core/Src/gpio.o
 .debug_macro   0x000000000001c6df      0x9fe ./Core/Src/gpio.o
 .debug_macro   0x000000000001d0dd      0x115 ./Core/Src/gpio.o
 .debug_macro   0x000000000001d1f2      0x13e ./Core/Src/gpio.o
 .debug_macro   0x000000000001d330       0xa5 ./Core/Src/gpio.o
 .debug_macro   0x000000000001d3d5      0x174 ./Core/Src/gpio.o
 .debug_macro   0x000000000001d549      0x287 ./Core/Src/gpio.o
 .debug_macro   0x000000000001d7d0       0x5f ./Core/Src/gpio.o
 .debug_macro   0x000000000001d82f      0x236 ./Core/Src/gpio.o
 .debug_macro   0x000000000001da65      0x12c ./Core/Src/gpio.o
 .debug_macro   0x000000000001db91      0x21e ./Core/Src/gpio.o
 .debug_macro   0x000000000001ddaf       0x2e ./Core/Src/gpio.o
 .debug_macro   0x000000000001dddd      0x11a ./Core/Src/gpio.o
 .debug_macro   0x000000000001def7       0x7e ./Core/Src/gpio.o
 .debug_macro   0x000000000001df75       0x89 ./Core/Src/gpio.o
 .debug_macro   0x000000000001dffe      0x8e6 ./Core/Src/gpio.o
 .debug_macro   0x000000000001e8e4       0x47 ./Core/Src/gpio.o
 .debug_macro   0x000000000001e92b      0x295 ./Core/Src/gpio.o
 .debug_macro   0x000000000001ebc0      0x12d ./Core/Src/gpio.o
 .debug_macro   0x000000000001eced      0x190 ./Core/Src/gpio.o
 .debug_macro   0x000000000001ee7d      0x1f5 ./Core/Src/main.o
 .debug_macro   0x000000000001f072      0x1dd ./Core/Src/stm32f4xx_hal_msp.o
 .debug_macro   0x000000000001f24f      0x1ce ./Core/Src/stm32f4xx_hal_timebase_tim.o
 .debug_macro   0x000000000001f41d      0x1e7 ./Core/Src/stm32f4xx_it.o
 .debug_macro   0x000000000001f604      0x1ce ./Core/Src/system_stm32f4xx.o
 .debug_macro   0x000000000001f7d2      0x1e7 ./Core/Src/usart.o
 .debug_macro   0x000000000001f9b9      0x22e ./Drivers/STM32F4xx_HAL_Driver/Src/stm32f4xx_hal.o
 .debug_macro   0x000000000001fbe7      0x1ce ./Drivers/STM32F4xx_HAL_Driver/Src/stm32f4xx_hal_cortex.o
 .debug_macro   0x000000000001fdb5      0x1d4 ./Drivers/STM32F4xx_HAL_Driver/Src/stm32f4xx_hal_gpio.o
 .debug_macro   0x000000000001ff89      0x1f2 ./Drivers/STM32F4xx_HAL_Driver/Src/stm32f4xx_hal_rcc.o
 .debug_macro   0x000000000002017b      0x1cf ./Drivers/STM32F4xx_HAL_Driver/Src/stm32f4xx_hal_tim.o
 .debug_macro   0x000000000002034a      0x1ce ./Drivers/STM32F4xx_HAL_Driver/Src/stm32f4xx_hal_tim_ex.o
 .debug_macro   0x0000000000020518      0x1cf ./Drivers/STM32F4xx_HAL_Driver/Src/stm32f4xx_hal_uart.o
 .debug_macro   0x00000000000206e7      0x27e ./ThirdParty/FreeRTOS/tasks.o
 .debug_macro   0x0000000000020965       0x17 ./ThirdParty/FreeRTOS/tasks.o
 .debug_macro   0x000000000002097c      0x1a7 ./ThirdParty/FreeRTOS/portable/GCC/ARM_CM4F/port.o

.debug_line     0x0000000000000000    0x109c0
 .debug_line    0x0000000000000000      0x815 ./Core/Src/gpio.o
 .debug_line    0x0000000000000815      0x7e8 ./Core/Src/main.o
 .debug_line    0x0000000000000ffd      0x747 ./Core/Src/stm32f4xx_hal_msp.o
 .debug_line    0x0000000000001744      0x7c2 ./Core/Src/stm32f4xx_hal_timebase_tim.o
 .debug_line    0x0000000000001f06      0x7e3 ./Core/Src/stm32f4xx_it.o
 .debug_line    0x00000000000026e9      0x7c8 ./Core/Src/system_stm32f4xx.o
 .debug_line    0x0000000000002eb1      0x7b0 ./Core/Src/usart.o
 .debug_line    0x0000000000003661       0x7a ./Core/Startup/startup_stm32f407vgtx.o
 .debug_line    0x00000000000036db      0x9fb ./Drivers/STM32F4xx_HAL_Driver/Src/stm32f4xx_hal.o
 .debug_line    0x00000000000040d6      0xcdd ./Drivers/STM32F4xx_HAL_Driver/Src/stm32f4xx_hal_cortex.o
 .debug_line    0x0000000000004db3      0xba2 ./Drivers/STM32F4xx_HAL_Driver/Src/stm32f4xx_hal_gpio.o
 .debug_line    0x0000000000005955      0xda7 ./Drivers/STM32F4xx_HAL_Driver/Src/stm32f4xx_hal_rcc.o
 .debug_line    0x00000000000066fc     0x3707 ./Drivers/STM32F4xx_HAL_Driver/Src/stm32f4xx_hal_tim.o
 .debug_line    0x0000000000009e03     0x1a2b ./Drivers/STM32F4xx_HAL_Driver/Src/stm32f4xx_hal_tim_ex.o
 .debug_line    0x000000000000b82e     0x2ad0 ./Drivers/STM32F4xx_HAL_Driver/Src/stm32f4xx_hal_uart.o
 .debug_line    0x000000000000e2fe     0x1df9 ./ThirdParty/FreeRTOS/tasks.o
 .debug_line    0x00000000000100f7      0x8c9 ./ThirdParty/FreeRTOS/portable/GCC/ARM_CM4F/port.o

.debug_str      0x0000000000000000    0xd1bd7
 .debug_str     0x0000000000000000    0xc3d11 ./Core/Src/gpio.o
                                      0xc3fa3 (size before relaxing)
 .debug_str     0x00000000000c3d11      0x690 ./Core/Src/main.o
                                      0xc45fe (size before relaxing)
 .debug_str     0x00000000000c43a1       0x2c ./Core/Src/stm32f4xx_hal_msp.o
                                      0xc3ec6 (size before relaxing)
 .debug_str     0x00000000000c43cd      0x60a ./Core/Src/stm32f4xx_hal_timebase_tim.o
                                      0xc4408 (size before relaxing)
 .debug_str     0x00000000000c49d7       0xb9 ./Core/Src/stm32f4xx_it.o
                                      0xc4377 (size before relaxing)
 .debug_str     0x00000000000c4a90       0xdb ./Core/Src/system_stm32f4xx.o
                                      0xc3911 (size before relaxing)
 .debug_str     0x00000000000c4b6b      0x22a ./Core/Src/usart.o
                                      0xc4426 (size before relaxing)
 .debug_str     0x00000000000c4d95       0x34 ./Core/Startup/startup_stm32f407vgtx.o
                                         0x90 (size before relaxing)
 .debug_str     0x00000000000c4dc9      0x5c0 ./Drivers/STM32F4xx_HAL_Driver/Src/stm32f4xx_hal.o
                                      0xc3f58 (size before relaxing)
 .debug_str     0x00000000000c5389      0x34d ./Drivers/STM32F4xx_HAL_Driver/Src/stm32f4xx_hal_cortex.o
                                      0xc41c8 (size before relaxing)
 .debug_str     0x00000000000c56d6      0x121 ./Drivers/STM32F4xx_HAL_Driver/Src/stm32f4xx_hal_gpio.o
                                      0xc3a8c (size before relaxing)
 .debug_str     0x00000000000c57f7      0x1fd ./Drivers/STM32F4xx_HAL_Driver/Src/stm32f4xx_hal_rcc.o
                                      0xc3d45 (size before relaxing)
 .debug_str     0x00000000000c59f4      0xe69 ./Drivers/STM32F4xx_HAL_Driver/Src/stm32f4xx_hal_tim.o
                                      0xc4c8b (size before relaxing)
 .debug_str     0x00000000000c685d      0x503 ./Drivers/STM32F4xx_HAL_Driver/Src/stm32f4xx_hal_tim_ex.o
                                      0xc44a7 (size before relaxing)
 .debug_str     0x00000000000c6d60      0x622 ./Drivers/STM32F4xx_HAL_Driver/Src/stm32f4xx_hal_uart.o
                                      0xc42e4 (size before relaxing)
 .debug_str     0x00000000000c7382     0xa07f ./ThirdParty/FreeRTOS/tasks.o
                                       0xe1fb (size before relaxing)
 .debug_str     0x00000000000d1401      0x7d6 ./ThirdParty/FreeRTOS/portable/GCC/ARM_CM4F/port.o
                                       0x9979 (size before relaxing)

.debug_frame    0x0000000000000000     0x3a00
 .debug_frame   0x0000000000000000       0x38 ./Core/Src/gpio.o
 .debug_frame   0x0000000000000038       0x8c ./Core/Src/main.o
 .debug_frame   0x00000000000000c4       0x38 ./Core/Src/stm32f4xx_hal_msp.o
 .debug_frame   0x00000000000000fc       0x74 ./Core/Src/stm32f4xx_hal_timebase_tim.o
 .debug_frame   0x0000000000000170       0xc4 ./Core/Src/stm32f4xx_it.o
 .debug_frame   0x0000000000000234       0x58 ./Core/Src/system_stm32f4xx.o
 .debug_frame   0x000000000000028c       0x74 ./Core/Src/usart.o
 .debug_frame   0x0000000000000300      0x350 ./Drivers/STM32F4xx_HAL_Driver/Src/stm32f4xx_hal.o
 .debug_frame   0x0000000000000650      0x498 ./Drivers/STM32F4xx_HAL_Driver/Src/stm32f4xx_hal_cortex.o
 .debug_frame   0x0000000000000ae8      0x14c ./Drivers/STM32F4xx_HAL_Driver/Src/stm32f4xx_hal_gpio.o
 .debug_frame   0x0000000000000c34      0x1f4 ./Drivers/STM32F4xx_HAL_Driver/Src/stm32f4xx_hal_rcc.o
 .debug_frame   0x0000000000000e28     0x119c ./Drivers/STM32F4xx_HAL_Driver/Src/stm32f4xx_hal_tim.o
 .debug_frame   0x0000000000001fc4      0x638 ./Drivers/STM32F4xx_HAL_Driver/Src/stm32f4xx_hal_tim_ex.o
 .debug_frame   0x00000000000025fc      0x92c ./Drivers/STM32F4xx_HAL_Driver/Src/stm32f4xx_hal_uart.o
 .debug_frame   0x0000000000002f28      0x884 ./ThirdParty/FreeRTOS/tasks.o
 .debug_frame   0x00000000000037ac      0x1a8 ./ThirdParty/FreeRTOS/portable/GCC/ARM_CM4F/port.o
 .debug_frame   0x0000000000003954       0x20 C:/ST/STM32CubeIDE_1.12.0/STM32CubeIDE/plugins/com.st.stm32cube.ide.mcu.externaltools.gnu-tools-for-stm32.11.3.rel1.win32_1.1.1.202309131626/tools/bin/../lib/gcc/arm-none-eabi/11.3.1/../../../../arm-none-eabi/lib/thumb/v7e-m+fp/hard\libc_nano.a(libc_a-memset.o)
 .debug_frame   0x0000000000003974       0x2c C:/ST/STM32CubeIDE_1.12.0/STM32CubeIDE/plugins/com.st.stm32cube.ide.mcu.externaltools.gnu-tools-for-stm32.11.3.rel1.win32_1.1.1.202309131626/tools/bin/../lib/gcc/arm-none-eabi/11.3.1/../../../../arm-none-eabi/lib/thumb/v7e-m+fp/hard\libc_nano.a(libc_a-init.o)
 .debug_frame   0x00000000000039a0       0x2c C:/ST/STM32CubeIDE_1.12.0/STM32CubeIDE/plugins/com.st.stm32cube.ide.mcu.externaltools.gnu-tools-for-stm32.11.3.rel1.win32_1.1.1.202309131626/tools/bin/../lib/gcc/arm-none-eabi/11.3.1/thumb/v7e-m+fp/hard\libgcc.a(_aeabi_uldivmod.o)
 .debug_frame   0x00000000000039cc       0x34 C:/ST/STM32CubeIDE_1.12.0/STM32CubeIDE/plugins/com.st.stm32cube.ide.mcu.externaltools.gnu-tools-for-stm32.11.3.rel1.win32_1.1.1.202309131626/tools/bin/../lib/gcc/arm-none-eabi/11.3.1/thumb/v7e-m+fp/hard\libgcc.a(_udivmoddi4.o)

.debug_line_str
                0x0000000000000000       0x84
 .debug_line_str
                0x0000000000000000       0x84 ./Core/Startup/startup_stm32f407vgtx.o
                                         0x9c (size before relaxing)
